COLLECT_FUNC(WOOD) ;,get[wood],True,1.0,0.0040738582611083984
COLLECT_FUNC(GRASS) ;,get[grass],True,1.0,0.0013511180877685547
COLLECT_FUNC(IRON) ;,get[iron],True,1.0,0.010210275650024414
COLLECT_FUNC(WOOD) ; COLLECT_FUNC(WORKSHOP2) ; CRAFT_FUNC(STICK),make[stick],True,1.5,0.007740020751953125
COLLECT_FUNC(GRASS) ; COLLECT_FUNC(WORKSHOP2) ; CRAFT_FUNC(CLOTH),make[cloth],True,1.5,0.010882139205932617
COLLECT_FUNC(WOOD) ; MOVE_FUNC(DOWN) ; CRAFT_FUNC(PLANK),make[plank],True,1.5,0.007140636444091797
COLLECT_FUNC(GRASS) ; CRAFT_FUNC(ROPE),make[rope],True,1.5,0.003898143768310547
COLLECT_FUNC(WOOD) ; COLLECT_FUNC(IRON) ; CRAFT_FUNC(BRIDGE),make[bridge],True,2.0,0.016572952270507812
COLLECT_FUNC(WOOD) ; COLLECT_FUNC(GRASS) ; COLLECT_FUNC(WORKSHOP1) ;,make[bundle],True,2.0,0.01784491539001465
COLLECT_FUNC(WOOD) ; COLLECT_FUNC(IRON) ; CRAFT_FUNC(BRIDGE) ; COLLECT_FUNC(GOLD),get[gold],True,1.0,0.01719498634338379
COLLECT_FUNC(WOOD) ; COLLECT_FUNC(WORKSHOP0) ; COLLECT_FUNC(GRASS) ; COLLECT_FUNC(WORKSHOP1),make[bed],True,2.5,0.03383612632751465
COLLECT_FUNC(WOOD) ; CRAFT_FUNC(STICK) ; COLLECT_FUNC(IRON) ; CRAFT_FUNC(AXE),make[axe],True,2.5,0.013536930084228516
COLLECT_FUNC(WOOD) ; MOVE_FUNC(RIGHT) ; CRAFT_FUNC(STICK) ; MOVE_FUNC(LEFT) ; COLLECT_FUNC(IRON) ; MOVE_FUNC(DOWN) ; CRAFT_FUNC(SHEARS) ;,make[shears],True,2.5,0.005937814712524414
COLLECT_FUNC(WOOD) ; COLLECT_FUNC(WOOD) ; MOVE_FUNC(RIGHT) ; CRAFT_FUNC(PLANK) ; MOVE_FUNC(RIGHT) ; CRAFT_FUNC(STICK) ; CRAFT_FUNC(LADDER),make[ladder],True,3.0,0.011008977890014648
COLLECT_FUNC(IRON) ; COLLECT_FUNC(ROCK) ; COLLECT_FUNC(WORKSHOP2) ; CRAFT_FUNC(KNIFE),make[knife],True,2.0,0.013370990753173828
COLLECT_FUNC(GRASS) ; COLLECT_FUNC(WORKSHOP0) ; CRAFT_FUNC(ROPE) ; COLLECT_FUNC(WOOD) ; COLLECT_FUNC(ROCK) ; COLLECT_FUNC(WORKSHOP1) ; CRAFT_FUNC(SLINGSHOT),make[slingshot],True,3.0,0.019654035568237305
COLLECT_FUNC(WOOD) ; MOVE_FUNC(RIGHT) ; COLLECT_FUNC(IRON) ; MOVE_FUNC(RIGHT) ; CRAFT_FUNC(BRIDGE) ; MOVE_FUNC(RIGHT) ; COLLECT_FUNC(GOLD) ; MOVE_FUNC(LEFT) ; COLLECT_FUNC(WOOD) ; MOVE_FUNC(DOWN) ; CRAFT_FUNC(GOLDARROW),make[goldarrow],True,2.5,0.07968521118164062

COLLECT_FUNC(WOOD) ;,get[wood],True,1.0,0.00438380241394043
COLLECT_FUNC(GRASS) ;,get[grass],True,1.0,0.0013470649719238281
COLLECT_FUNC(IRON),get[iron],True,1.0,0.011723041534423828
COLLECT_FUNC(WOOD),get[wood],True,1.0,0.003916025161743164
COLLECT_FUNC(GRASS) ;,get[grass],True,1.0,0.0011441707611083984
COLLECT_FUNC(IRON),get[iron],True,1.0,0.011507987976074219
COLLECT_FUNC(GRASS) ; COLLECT_FUNC(WORKSHOP2) ; CRAFT_FUNC(CLOTH),make[cloth],True,1.5,0.015131950378417969
COLLECT_FUNC(WOOD) ; CRAFT_FUNC(PLANK),make[plank],True,1.5,0.005360841751098633
COLLECT_FUNC(GRASS) ; CRAFT_FUNC(ROPE),make[rope],True,1.5,0.011781930923461914
COLLECT_FUNC(WOOD) ; COLLECT_FUNC(IRON) ; CRAFT_FUNC(BRIDGE),make[bridge],True,2.0,0.016302108764648438
COLLECT_FUNC(WOOD) ; COLLECT_FUNC(GRASS) ; CRAFT_FUNC(BUNDLE),make[bundle],True,2.0,0.014358758926391602
COLLECT_FUNC(WOOD) ; MOVE_FUNC(RIGHT) ; COLLECT_FUNC(IRON) ; MOVE_FUNC(DOWN) ; CRAFT_FUNC(BRIDGE) ; MOVE_FUNC(LEFT) ; COLLECT_FUNC(GOLD),get[gold],True,1.0,0.005273103713989258
COLLECT_FUNC(WOOD) ; CRAFT_FUNC(PLANK) ; COLLECT_FUNC(GRASS) ; CRAFT_FUNC(BED),make[bed],True,2.5,0.017667055130004883
COLLECT_FUNC(WOOD) ; MOVE_FUNC(RIGHT) ; COLLECT_FUNC(IRON) ; MOVE_FUNC(RIGHT) ; CRAFT_FUNC(STICK) ; MOVE_FUNC(RIGHT) ; CRAFT_FUNC(AXE),make[axe],True,2.5,0.01543879508972168
COLLECT_FUNC(WOOD) ; CRAFT_FUNC(STICK) ; COLLECT_FUNC(IRON) ; CRAFT_FUNC(SHEARS),make[shears],True,2.5,0.00689387321472168
COLLECT_FUNC(WOOD) ; COLLECT_FUNC(WOOD) ; CRAFT_FUNC(PLANK) ; CRAFT_FUNC(STICK) ; CRAFT_FUNC(LADDER),make[ladder],True,3.0,0.0191497802734375
COLLECT_FUNC(IRON) ; COLLECT_FUNC(ROCK) ; COLLECT_FUNC(WORKSHOP2) ; CRAFT_FUNC(KNIFE),make[knife],True,2.0,0.013204097747802734
COLLECT_FUNC(GRASS) ; MOVE_FUNC(RIGHT) ; CRAFT_FUNC(ROPE) ; COLLECT_FUNC(WOOD) ; COLLECT_FUNC(ROCK) ; MOVE_FUNC(UP) ; CRAFT_FUNC(SLINGSHOT),make[slingshot],True,3.0,0.016653776168823242
COLLECT_FUNC(WOOD) ; COLLECT_FUNC(IRON) ; MOVE_FUNC(RIGHT) ; CRAFT_FUNC(BRIDGE) ; MOVE_FUNC(RIGHT) ; COLLECT_FUNC(GOLD) ; COLLECT_FUNC(WOOD) ; MOVE_FUNC(RIGHT) ; CRAFT_FUNC(GOLDARROW),make[goldarrow],True,2.5,0.06469988822937012

COLLECT_FUNC(WOOD),get[wood],True,1.0,0.002798795700073242
MOVE_FUNC(RIGHT) ; MOVE_FUNC(RIGHT) ; MOVE_FUNC(RIGHT) ; MOVE_FUNC(DOWN) ; COLLECT_FUNC(GRASS),get[grass],True,1.0,0.004601001739501953
COLLECT_FUNC(IRON) ;,get[iron],True,1.0,0.011091947555541992
COLLECT_FUNC(WOOD) ; COLLECT_FUNC(IRON) ; MOVE_FUNC(UP) ; MOVE_FUNC(UP) ; MOVE_FUNC(RIGHT) ; MOVE_FUNC(RIGHT) ; MOVE_FUNC(RIGHT) ; MOVE_FUNC(DOWN) ; MOVE_FUNC(DOWN) ; CRAFT_FUNC(BRIDGE) ; MOVE_FUNC(UP) ; MOVE_FUNC(UP) ; MOVE_FUNC(UP) ; MOVE_FUNC(RIGHT) ; COLLECT_FUNC(GOLD) ; MOVE_FUNC(LEFT) ; MOVE_FUNC(DOWN) ; MOVE_FUNC(DOWN) ; MOVE_FUNC(DOWN) ; MOVE_FUNC(RIGHT) ; MOVE_FUNC(RIGHT) ; MOVE_FUNC(RIGHT) ; MOVE_FUNC(RIGHT) ; COLLECT_FUNC(WOOD) ; MOVE_FUNC(UP) ; MOVE_FUNC(UP) ; MOVE_FUNC(LEFT) ; MOVE_FUNC(LEFT) ; MOVE_FUNC(DOWN) ; CRAFT_FUNC(GOLDARROW),make[goldarrow],True,2.5,0.020337820053100586
MOVE_FUNC(DOWN) ; MOVE_FUNC(LEFT) ; COLLECT_FUNC(IRON) ; MOVE_FUNC(LEFT) ; MOVE_FUNC(LEFT) ; COLLECT_FUNC(WOOD) ; MOVE_FUNC(RIGHT) ; MOVE_FUNC(RIGHT) ; MOVE_FUNC(RIGHT) ; CRAFT_FUNC(BRIDGE) ; MOVE_FUNC(DOWN) ; MOVE_FUNC(DOWN) ; MOVE_FUNC(DOWN) ; MOVE_FUNC(LEFT) ; COLLECT_FUNC(WOOD) ; MOVE_FUNC(RIGHT) ; MOVE_FUNC(UP) ; MOVE_FUNC(UP) ; MOVE_FUNC(UP) ; MOVE_FUNC(UP) ; MOVE_FUNC(UP) ; MOVE_FUNC(UP) ; MOVE_FUNC(UP) ; MOVE_FUNC(RIGHT) ; MOVE_FUNC(RIGHT) ; COLLECT_FUNC(GOLD) ; MOVE_FUNC(RIGHT) ; MOVE_FUNC(DOWN) ; MOVE_FUNC(DOWN) ; CRAFT_FUNC(GOLDARROW),make[goldarrow],True,1.9000000059604645,0.04887700080871582
MOVE_FUNC(LEFT) ; MOVE_FUNC(LEFT) ; MOVE_FUNC(LEFT) ; MOVE_FUNC(DOWN) ; COLLECT_FUNC(IRON) ; MOVE_FUNC(LEFT) ; MOVE_FUNC(LEFT) ; COLLECT_FUNC(WOOD) ; MOVE_FUNC(RIGHT) ; MOVE_FUNC(RIGHT) ; MOVE_FUNC(RIGHT) ; CRAFT_FUNC(BRIDGE) ; MOVE_FUNC(RIGHT) ; MOVE_FUNC(RIGHT) ; MOVE_FUNC(UP) ; MOVE_FUNC(UP) ; MOVE_FUNC(UP) ; MOVE_FUNC(UP) ; COLLECT_FUNC(GOLD) ; MOVE_FUNC(DOWN) ; MOVE_FUNC(DOWN) ; MOVE_FUNC(DOWN) ; MOVE_FUNC(RIGHT) ; MOVE_FUNC(RIGHT) ; MOVE_FUNC(RIGHT) ; COLLECT_FUNC(WOOD) ; MOVE_FUNC(LEFT) ; MOVE_FUNC(LEFT) ; MOVE_FUNC(UP) ; CRAFT_FUNC(GOLDARROW),make[goldarrow],True,2.2000000029802322,0.03185892105102539
COLLECT_FUNC(WOOD) ; COLLECT_FUNC(IRON) ; MOVE_FUNC(RIGHT) ; CRAFT_FUNC(BRIDGE) ; MOVE_FUNC(UP) ; MOVE_FUNC(RIGHT) ; MOVE_FUNC(RIGHT) ; MOVE_FUNC(RIGHT) ; MOVE_FUNC(RIGHT) ; MOVE_FUNC(RIGHT) ; COLLECT_FUNC(WOOD) ; MOVE_FUNC(UP) ; MOVE_FUNC(UP) ; MOVE_FUNC(UP) ; MOVE_FUNC(LEFT) ; COLLECT_FUNC(GOLD) ; MOVE_FUNC(LEFT) ; MOVE_FUNC(DOWN) ; MOVE_FUNC(DOWN) ; CRAFT_FUNC(GOLDARROW),make[goldarrow],True,2.2000000029802322,0.04100680351257324
COLLECT_FUNC(WOOD) ;  CRAFT_FUNC(STICK) ; COLLECT_FUNC(IRON) ; CRAFT_FUNC(AXE) ; COLLECT_FUNC(GEM),get[gem],True,0.699999988079071,0.0025899410247802734
MOVE_FUNC(LEFT) ; MOVE_FUNC(LEFT) ; MOVE_FUNC(LEFT) ; MOVE_FUNC(LEFT) ; COLLECT_FUNC(WOOD) ; MOVE_FUNC(DOWN) ; MOVE_FUNC(RIGHT) ; MOVE_FUNC(RIGHT) ; MOVE_FUNC(RIGHT) ; MOVE_FUNC(RIGHT) ; CRAFT_FUNC(STICK) ; MOVE_FUNC(RIGHT) ; MOVE_FUNC(RIGHT) ; COLLECT_FUNC(IRON) ; MOVE_FUNC(UP) ; MOVE_FUNC(UP) ; MOVE_FUNC(UP) ; CRAFT_FUNC(AXE) ; MOVE_FUNC(LEFT) ; MOVE_FUNC(UP) ; COLLECT_FUNC(GEM) ;,get[gem],True,0.699999988079071,0.022797822952270508
MOVE_FUNC(RIGHT) ; COLLECT_FUNC(WOOD) ; MOVE_FUNC(LEFT) ; MOVE_FUNC(LEFT) ; MOVE_FUNC(LEFT) ; MOVE_FUNC(UP) ; CRAFT_FUNC(STICK) ; MOVE_FUNC(RIGHT) ; MOVE_FUNC(DOWN) ; MOVE_FUNC(RIGHT) ; MOVE_FUNC(UP) ; COLLECT_FUNC(IRON) ; MOVE_FUNC(LEFT) ; MOVE_FUNC(UP) ; MOVE_FUNC(UP) ; MOVE_FUNC(UP) ; MOVE_FUNC(RIGHT) ; MOVE_FUNC(DOWN) ; MOVE_FUNC(UP) ; CRAFT_FUNC(AXE) ; MOVE_FUNC(LEFT) ; MOVE_FUNC(UP) ; MOVE_FUNC(UP) ; COLLECT_FUNC(GEM) ;,get[gem],True,0.699999988079071,0.012175798416137695
MOVE_FUNC(DOWN); MOVE_FUNC(LEFT); COLLECT_FUNC(WOOD); MOVE_FUNC(UP); MOVE_FUNC(UP); CRAFT_FUNC(STICK); MOVE_FUNC(RIGHT); MOVE_FUNC(RIGHT); COLLECT_FUNC(IRON); MOVE_FUNC(UP); MOVE_FUNC(UP); MOVE_FUNC(RIGHT); CRAFT_FUNC(AXE); MOVE_FUNC(UP); MOVE_FUNC(LEFT); MOVE_FUNC(UP); COLLECT_FUNC(GEM);,get[gem],True,0.699999988079071,0.009371042251586914
MOVE_FUNC(UP); MOVE_FUNC(LEFT); MOVE_FUNC(DOWN); COLLECT_FUNC(WOOD); MOVE_FUNC(UP); MOVE_FUNC(RIGHT); CRAFT_FUNC(STICK); MOVE_FUNC(DOWN); MOVE_FUNC(DOWN); MOVE_FUNC(DOWN); MOVE_FUNC(RIGHT); MOVE_FUNC(RIGHT); COLLECT_FUNC(IRON); MOVE_FUNC(UP); MOVE_FUNC(UP); MOVE_FUNC(UP); MOVE_FUNC(UP); MOVE_FUNC(RIGHT); MOVE_FUNC(UP); CRAFT_FUNC(AXE); MOVE_FUNC(LEFT); MOVE_FUNC(UP); MOVE_FUNC(UP); COLLECT_FUNC(GEM);,get[gem],True,0.699999988079071,0.011320114135742188
