{"timestamp": "2025-07-29T19:53:12.621784", "function_name": "craft", "function_body": "  return []", "island_id": null, "scores": {"3": 0.0}}
{"timestamp": "2025-07-29T19:54:05.681230", "function_name": "craft", "function_body": "  # Helper class for hashing CraftState objects\n  class CraftStateKey:\n      def __init__(self, stat>
{"timestamp": "2025-07-29T19:54:05.750347", "function_name": "craft", "function_body": "    # Action constants (from CraftLab.action_specs)\n    _DOWN = 0\n    _UP = 1\n    _LEFT = 2\n    _R>
{"timestamp": "2025-07-29T19:55:15.826005", "function_name": "craft", "function_body": "  # BFS implementation to find a path to craft the item.\n  \n  # collections.deque is used for effici>
{"timestamp": "2025-07-29T19:55:17.016185", "function_name": "craft", "function_body": "  import collections\n\n  # Action constants (based on env.action_specs() output description)\n  # The>
{"timestamp": "2025-07-29T19:56:25.660419", "function_name": "craft", "function_body": "", "island_id": 2, "scores": {"3": -1}}
{"timestamp": "2025-07-29T19:56:26.691316", "function_name": "craft", "function_body": "  import collections\n\n  initial_state = env._current_state\n  cookbook = env.world.cookbook\n\n  # I>
{"timestamp": "2025-07-29T19:58:02.144621", "function_name": "craft", "function_body": "  initial_state = env._current_state\n\n  if initial_state.satisfies(None, item):\n    return []\n\n  >
{"timestamp": "2025-07-29T19:58:02.215995", "function_name": "craft", "function_body": "    # Define constants for actions within the function scope as required\n    DOWN = 0\n    UP = 1\n  >
{"timestamp": "2025-07-29T19:58:44.904004", "function_name": "craft", "function_body": "  import collections\n  import time # Added for time limit\n\n  # Action constants (from CraftLab acti>
{"timestamp": "2025-07-29T19:58:45.882224", "function_name": "craft", "function_body": "  import collections\n\n  # Action constants (based on env.action_specs() output description)\n  # The>
{"timestamp": "2025-07-29T20:01:09.975791", "function_name": "craft", "function_body": "  import numpy as np\n  import collections\n\n  # Constants for actions and directions\n  # These are >
{"timestamp": "2025-07-29T20:01:10.044330", "function_name": "craft", "function_body": "    from collections import deque\n\n    # Constants for actions\n    # These are typically defined in>
{"timestamp": "2025-07-29T20:02:42.470028", "function_name": "craft", "function_body": "    import collections\n    import numpy as np\n\n    initial_state = env._current_state\n    \n    # >
{"timestamp": "2025-07-29T20:02:43.497456", "function_name": "craft", "function_body": "  # Define action constants locally for clarity and scope\n  DOWN, UP, LEFT, RIGHT, USE = 0, 1, 2, 3, >
{"timestamp": "2025-07-29T20:03:37.262443", "function_name": "craft", "function_body": "  import collections\n  import numpy as np\n\n  # Helper class to create a hashable representation of >
{"timestamp": "2025-07-29T20:03:38.219018", "function_name": "craft", "function_body": "  # Helper function to convert a CraftState instance into a hashable tuple\n  def _hashable_state(craf>
{"timestamp": "2025-07-29T20:05:42.578272", "function_name": "craft", "function_body": "", "island_id": 4, "scores": {"3": -1}}
{"timestamp": "2025-07-29T20:05:42.673644", "function_name": "craft", "function_body": "    import numpy as np\n    import collections\n    import copy # Required for deep copying CraftState>
{"timestamp": "2025-07-29T20:06:40.874086", "function_name": "craft", "function_body": "    import collections\n\n    # Set a maximum depth for the search to prevent infinite loops and limit>
{"timestamp": "2025-07-29T20:06:41.895054", "function_name": "craft", "function_body": "  import collections # For deque\n\n  # Get the initial CraftState from the CraftLab environment\n  in>
{"timestamp": "2025-07-29T20:09:24.588883", "function_name": "craft", "function_body": "", "island_id": 4, "scores": {"3": -1}}
{"timestamp": "2025-07-29T20:09:25.613399", "function_name": "craft", "function_body": "  world = env.world\n  cookbook = world.cookbook\n  initial_craft_state = env._current_state\n\n  # Ac>


